2026-06-30 16:49:52 INFO  [WatcherApp] P1 Watcher démarré — répertoire=C:\Users\ttcho\OneDrive\ITU\S6\Naina_Playlist\.\repertoire | intervalle=10s | broker=localhost:5672
2026-06-30 16:52:33 INFO  [WatcherApp] Nouveau mp3 publié : Ankino.mp3 (fileId=b329190e-cbd1-42e5-af97-866413c91bb8)
2026-06-30 16:52:33 INFO  [WatcherApp] Nouveau mp3 publié : Antanambao.MP3 (fileId=5adc6e9a-cf3e-493d-9298-41b1f8cb485e)
2026-06-30 16:52:33 INFO  [WatcherApp] Nouveau mp3 publié : IAO.MP3 (fileId=1d30fa7e-39fa-4e23-82e4-d47944a63a7a)
2026-06-30 16:53:32 INFO  [WatcherApp] Nouveau mp3 publié : Kerchak - Femmes.mp3 (fileId=14082b9c-d1ea-451a-9b25-adf2531447cc)
2026-06-30 16:53:32 INFO  [WatcherApp] Nouveau mp3 publié : Kerchak - Peur feat. @ZiakCC (Clip Officiel).mp3 (fileId=7dc6f241-6f44-47e8-8efe-79c9109b1f11)
2026-06-30 16:57:34 INFO  [WatcherApp] P1 Watcher démarré — répertoire=C:\Users\ttcho\OneDrive\ITU\S6\Naina_Playlist\.\repertoire | intervalle=10s | broker=localhost:5672
2026-06-30 16:59:15 INFO  [WatcherApp] Nouveau mp3 publié : Ankino.mp3 (fileId=9fa5c965-955f-4444-8ef6-de06c30711c0)
2026-06-30 16:59:15 INFO  [WatcherApp] Nouveau mp3 publié : Antanambao.MP3 (fileId=c84ac279-3fdb-4762-bd68-8637fff36f91)
2026-06-30 16:59:15 INFO  [WatcherApp] Nouveau mp3 publié : IAO.MP3 (fileId=30b5648b-5fc2-4449-b7e2-780e541ed41f)
2026-06-30 17:06:51 INFO  [WatcherApp] P1 Watcher démarré — répertoire=C:\Users\ttcho\OneDrive\ITU\S6\Naina_Playlist\.\repertoire | intervalle=10s | broker=localhost:5672
2026-06-30 17:08:51 INFO  [WatcherApp] P1 Watcher démarré — répertoire=C:\Users\ttcho\OneDrive\ITU\S6\Naina_Playlist\.\repertoire | intervalle=10s | broker=localhost:5672
2026-06-30 17:10:12 INFO  [WatcherApp] P1 Watcher démarré — répertoire=C:\Users\ttcho\OneDrive\ITU\S6\Naina_Playlist\.\repertoire | intervalle=10s | broker=localhost:5672
2026-06-30 17:10:30 INFO  [WatcherApp] P1 Watcher démarré — répertoire=C:\Users\ttcho\OneDrive\ITU\S6\Naina_Playlist\.\repertoire | intervalle=10s | broker=localhost:5672
2026-06-30 17:11:41 INFO  [WatcherApp] Nouveau mp3 publié : Ankino.mp3 (fileId=53f51d8f-0b32-4c62-81b8-fe7d65c7f67a)
2026-06-30 17:11:41 INFO  [WatcherApp] Nouveau mp3 publié : Antanambao.MP3 (fileId=18201b50-0d2e-458b-8d7b-ee434aa56955)
2026-06-30 17:11:41 INFO  [WatcherApp] Nouveau mp3 publié : IAO.MP3 (fileId=7cae0473-b853-4733-9852-c04ba5e5ca1c)
2026-06-30 17:12:01 INFO  [WatcherApp] P1 Watcher démarré — répertoire=C:\Users\ttcho\OneDrive\ITU\S6\Naina_Playlist\.\repertoire | intervalle=10s | broker=localhost:5672
2026-06-30 17:12:22 INFO  [WatcherApp] Nouveau mp3 publié : Ankino.mp3 (fileId=b13a8cbb-08d0-4f84-8076-c82fa957c162)
2026-06-30 17:12:22 INFO  [WatcherApp] Nouveau mp3 publié : Antanambao.MP3 (fileId=bba9870b-d1a7-4cf0-af5f-a64df5ca9227)
2026-06-30 17:12:22 INFO  [WatcherApp] Nouveau mp3 publié : IAO.MP3 (fileId=51511aa5-98c2-4562-a24b-3b07149963ca)
2026-06-30 17:30:41 INFO  [WatcherApp] P1 Watcher démarré — répertoire=C:\Users\ttcho\OneDrive\ITU\S6\Naina_Playlist\.\repertoire | intervalle=10s | broker=localhost:5672
2026-06-30 17:30:41 INFO  [WatcherApp] Nouveau mp3 publié : Ankino.mp3 (fileId=70471771-3e55-40f9-aa36-c57cb4e3c291)
2026-06-30 17:30:41 INFO  [WatcherApp] Nouveau mp3 publié : Antanambao.MP3 (fileId=625910ce-fad3-4417-95f3-1b8f1168f726)
2026-06-30 17:30:41 INFO  [WatcherApp] Nouveau mp3 publié : IAO.MP3 (fileId=aec8af64-0524-48e2-9f8d-550048850752)
